[22:29:22] [main/INFO] (Launcher) ModLauncher running: args [--launchTarget, forgeclientuserdev, --version, 21.1.145, --assetIndex, 1.21.1-17, --assetsDir, C:\Users\noide\.gradle\caches\fabric-loom\assets, --gameDir, ., --fml.neoForgeVersion, 21.1.145, --fml.fmlVersion, 4.0.38, --fml.mcVersion, 1.21.1, --fml.neoFormVersion, 20240808.144430]
[22:29:22] [main/INFO] (Launcher) JVM identified as Eclipse Adoptium OpenJDK 64-Bit Server VM 21.0.4+7-LTS
[22:29:22] [main/INFO] (Launcher) ModLauncher 11.0.4+main.d2e20e43 starting: java version 21.0.4 by Eclipse Adoptium; OS Windows 10 arch amd64 version 10.0
[22:29:22] [main/INFO] (ImmediateWindowHandler) Loading ImmediateWindowProvider fmlearlywindow
[22:29:22] [main/INFO] (EARLYDISPLAY) Trying GL version 4.6
[22:29:23] [main/INFO] (EARLYDISPLAY) Requested GL version 4.6 got version 4.6
[22:29:23] [main/INFO] (mixin) SpongePowered MIXIN Subsystem Version=0.8.7 Source=union:/C:/Users/noide/.gradle/caches/modules-2/files-2.1/net.fabricmc/sponge-mixin/0.15.2+mixin.0.8.7/2af2f021d8e02a0220dc27a7a72b4666d66d44ca/sponge-mixin-0.15.2+mixin.0.8.7.jar%23119!/ Service=ModLauncher Env=CLIENT
[22:29:23] [main/INFO] (ModDiscoverer) Found mod file "neoforge-21.1.145-minecraft-merged-1.21.1-loom.mappings.1_21_1.layered+hash.40359-v2-neoforge-21.1.145.jar" [locator: neoforge devenv provider ([C:\Users\noide\.gradle\caches\fabric-loom\minecraftMaven\net\minecraft\neoforge-21.1.145-minecraft-merged\1.21.1-loom.mappings.1_21_1.layered+hash.40359-v2-neoforge-21.1.145\neoforge-21.1.145-minecraft-merged-1.21.1-loom.mappings.1_21_1.layered+hash.40359-v2-neoforge-21.1.145.jar])]
[22:29:23] [main/INFO] (ModDiscoverer) Found mod file "neoforge-21.1.145-minecraft-merged-1.21.1-loom.mappings.1_21_1.layered+hash.40359-v2-neoforge-21.1.145.jar" [locator: neoforge devenv provider ([C:\Users\noide\.gradle\caches\fabric-loom\minecraftMaven\net\minecraft\neoforge-21.1.145-minecraft-merged\1.21.1-loom.mappings.1_21_1.layered+hash.40359-v2-neoforge-21.1.145\neoforge-21.1.145-minecraft-merged-1.21.1-loom.mappings.1_21_1.layered+hash.40359-v2-neoforge-21.1.145.jar])]
[22:29:23] [main/INFO] (ModDiscoverer) Found mod file "main" [locator: userdev mods and services, reader: mod manifest]
[22:29:23] [main/INFO] (ModDiscoverer) Found mod file "azurelib-neo-1.21.1-3.0.8.jar" [locator: userdev mods and services, reader: mod manifest]
[22:29:23] [main/INFO] (ModDiscoverer) Found mod file "neoforge-21.1.145-minecraft-merged-1.21.1-loom.mappings.1_21_1.layered+hash.40359-v2-neoforge-21.1.145.jar" [locator: userdev mods and services, reader: mod manifest]
[22:29:23] [main/INFO] (ModDiscoverer) Found mod file "architectury-neoforge-13.0.8.jar" [locator: userdev mods and services, reader: mod manifest]
[22:29:23] [main/INFO] (ModDiscoverer) Found mod file "9648305121384949093.jar" [locator: userdev mods and services, reader: mod manifest]
[22:29:23] [pool-5-thread-1/INFO] (EARLYDISPLAY) GL info: NVIDIA GeForce RTX 3070 Ti/PCIe/SSE2 GL version 4.6.0 NVIDIA 572.83, NVIDIA Corporation
[22:29:23] [main/INFO] (ModDiscoverer) Found gamelibrary file "mixinextras-neoforge-0.4.1.jar" [locator: userdev mods and services, reader: mod manifest]
[22:29:23] [main/WARN] (JarSelector) Attempted to select a dependency jar for JarJar which was passed in as source: library:mixinextras.neoforge. Using Mod File: C:\Users\noide\.gradle\caches\modules-2\files-2.1\io.github.llamalad7\mixinextras-neoforge\0.4.1\eff97772ecd0dcf8e52cdbafd3b3ccec425f8314\mixinextras-neoforge-0.4.1.jar
[22:29:23] [main/INFO] (JarInJarDependencyLocator) Found 1 dependencies adding them to mods collection
[22:29:23] [main/INFO] (ModDiscoverer) Found library file "neoforge-coremods-21.1.145.jar" [parent: neoforge-21.1.145-minecraft-merged-1.21.1-loom.mappings.1_21_1.layered+hash.40359-v2-neoforge-21.1.145.jar, locator: jarinjar, reader: mod manifest]
[22:29:23] [main/INFO] (ModDiscoverer) 
     Mod List:
		Name Version (Mod Id)

		Architectury 13.0.8 (architectury)
		AzureLib 3.0.8 (azurelib)
		Gears Of Valor 1.0.0 (gears_of_valor)
		generated_ba900a0 1 (generated_ba900a0)
		Minecraft 1.21.1 (minecraft)
		NeoForge 21.1.145 (neoforge)
[22:29:23] [main/INFO] (mixin) Compatibility level set to JAVA_21
[22:29:23] [main/INFO] (LaunchServiceHandler) Launching target 'forgeclientuserdev' with arguments [--version, 21.1.145, --gameDir, ., --assetsDir, C:\Users\noide\.gradle\caches\fabric-loom\assets, --assetIndex, 1.21.1-17]
[22:29:23] [main/INFO] (unprotect) Found 8254 Minecraft classes
[22:29:24] [main/INFO] (MixinExtras|Service) Initializing MixinExtras via com.llamalad7.mixinextras.service.MixinExtrasServiceImpl(version=0.4.1).
[10Apr2025 22:29:25.349] [Datafixer Bootstrap/INFO] [com.mojang.datafixers.DataFixerBuilder/]: 229 Datafixer optimizations took 292 milliseconds
[10Apr2025 22:29:28.956] [main/WARN] [net.minecraft.commands.Commands/]: Ambiguity between arguments [teleport, location] and [teleport, destination] with inputs: [0.1 -0.5 .9, 0 0 0]
[10Apr2025 22:29:28.957] [main/WARN] [net.minecraft.commands.Commands/]: Ambiguity between arguments [teleport, location] and [teleport, targets] with inputs: [0.1 -0.5 .9, 0 0 0]
[10Apr2025 22:29:28.958] [main/WARN] [net.minecraft.commands.Commands/]: Ambiguity between arguments [teleport, destination] and [teleport, targets] with inputs: [Player, 0123, @e, dd12be42-52a9-4a91-a8a1-11c01849e498]
[10Apr2025 22:29:28.958] [main/WARN] [net.minecraft.commands.Commands/]: Ambiguity between arguments [teleport, targets] and [teleport, destination] with inputs: [Player, 0123, dd12be42-52a9-4a91-a8a1-11c01849e498]
[10Apr2025 22:29:28.959] [main/WARN] [net.minecraft.commands.Commands/]: Ambiguity between arguments [teleport, targets, location] and [teleport, targets, destination] with inputs: [0.1 -0.5 .9, 0 0 0]
[10Apr2025 22:29:29.040] [Render thread/WARN] [net.minecraft.server.packs.VanillaPackResourcesBuilder/]: Assets URL 'union:/C:/Users/noide/.gradle/caches/fabric-loom/minecraftMaven/net/minecraft/neoforge-21.1.145-minecraft-merged/1.21.1-loom.mappings.1_21_1.layered+hash.40359-v2-neoforge-21.1.145/neoforge-21.1.145-minecraft-merged-1.21.1-loom.mappings.1_21_1.layered+hash.40359-v2-neoforge-21.1.145.jar%23191!/assets/.mcassetsroot' uses unexpected schema
[10Apr2025 22:29:29.041] [Render thread/WARN] [net.minecraft.server.packs.VanillaPackResourcesBuilder/]: Assets URL 'union:/C:/Users/noide/.gradle/caches/fabric-loom/minecraftMaven/net/minecraft/neoforge-21.1.145-minecraft-merged/1.21.1-loom.mappings.1_21_1.layered+hash.40359-v2-neoforge-21.1.145/neoforge-21.1.145-minecraft-merged-1.21.1-loom.mappings.1_21_1.layered+hash.40359-v2-neoforge-21.1.145.jar%23191!/data/.mcassetsroot' uses unexpected schema
[10Apr2025 22:29:29.059] [Render thread/INFO] [com.mojang.authlib.yggdrasil.YggdrasilAuthenticationService/]: Environment: Environment[sessionHost=https://sessionserver.mojang.com, servicesHost=https://api.minecraftservices.com, name=PROD]
[10Apr2025 22:29:29.064] [Render thread/INFO] [net.minecraft.client.Minecraft/]: Setting user: Dev
[10Apr2025 22:29:29.116] [Render thread/INFO] [net.minecraft.client.Minecraft/]: Backend library: LWJGL version 3.3.3+5
[10Apr2025 22:29:29.263] [modloading-worker-0/INFO] [net.neoforged.neoforge.common.NeoForgeMod/NEOFORGE-MOD]: NeoForge mod loading, version 21.1.145, for MC 1.21.1
[10Apr2025 22:29:29.288] [modloading-worker-0/INFO] [azurelib/FileWatching]: Registered azurelib config for auto-sync function
[10Apr2025 22:29:29.969] [Render thread/INFO] [net.neoforged.neoforge.gametest.GameTestHooks/]: Enabled Gametest Namespaces: []
[10Apr2025 22:29:30.051] [Render thread/INFO] [net.minecraft.server.packs.resources.ReloadableResourceManager/]: Reloading ResourceManager: vanilla, mod_resources, mod/azurelib, mod/generated_ba900a0, mod/architectury, mod/gears_of_valor, mod/neoforge
[10Apr2025 22:29:30.187] [Worker-Main-8/INFO] [net.minecraft.client.gui.font.providers.UnihexProvider/]: Found unifont_all_no_pua-15.1.05.hex, loading
[10Apr2025 22:29:30.190] [Worker-Main-13/INFO] [net.minecraft.client.gui.font.providers.UnihexProvider/]: Found unifont_jp_patch-15.1.05.hex, loading
[10Apr2025 22:29:31.078] [Render thread/WARN] [net.minecraft.client.sounds.SoundEngine/]: Missing sound for event: minecraft:item.goat_horn.play
[10Apr2025 22:29:31.078] [Render thread/WARN] [net.minecraft.client.sounds.SoundEngine/]: Missing sound for event: minecraft:entity.goat.screaming.horn_break
[10Apr2025 22:29:31.143] [Render thread/INFO] [com.mojang.blaze3d.audio.Library/]: OpenAL initialized on device OpenAL Soft on HyperX Cloud Earbuds II (High Definition Audio Device)
[10Apr2025 22:29:31.144] [Render thread/INFO] [net.minecraft.client.sounds.SoundEngine/SOUNDS]: Sound engine started
[10Apr2025 22:29:31.221] [Render thread/INFO] [net.minecraft.client.renderer.texture.TextureAtlas/]: Created: 1024x512x4 minecraft:textures/atlas/blocks.png-atlas
[10Apr2025 22:29:31.228] [Render thread/INFO] [net.minecraft.client.renderer.texture.TextureAtlas/]: Created: 256x256x4 minecraft:textures/atlas/signs.png-atlas
[10Apr2025 22:29:31.228] [Render thread/INFO] [net.minecraft.client.renderer.texture.TextureAtlas/]: Created: 512x512x4 minecraft:textures/atlas/shield_patterns.png-atlas
[10Apr2025 22:29:31.228] [Render thread/INFO] [net.minecraft.client.renderer.texture.TextureAtlas/]: Created: 512x512x4 minecraft:textures/atlas/banner_patterns.png-atlas
[10Apr2025 22:29:31.229] [Render thread/INFO] [net.minecraft.client.renderer.texture.TextureAtlas/]: Created: 1024x1024x4 minecraft:textures/atlas/armor_trims.png-atlas
[10Apr2025 22:29:31.230] [Render thread/INFO] [net.minecraft.client.renderer.texture.TextureAtlas/]: Created: 256x256x4 minecraft:textures/atlas/chest.png-atlas
[10Apr2025 22:29:31.230] [Render thread/INFO] [net.minecraft.client.renderer.texture.TextureAtlas/]: Created: 128x64x4 minecraft:textures/atlas/decorated_pot.png-atlas
[10Apr2025 22:29:31.230] [Render thread/INFO] [net.minecraft.client.renderer.texture.TextureAtlas/]: Created: 512x256x4 minecraft:textures/atlas/beds.png-atlas
[10Apr2025 22:29:31.231] [Render thread/INFO] [net.minecraft.client.renderer.texture.TextureAtlas/]: Created: 512x256x4 minecraft:textures/atlas/shulker_boxes.png-atlas
[10Apr2025 22:29:31.368] [Render thread/INFO] [net.minecraft.client.renderer.texture.TextureAtlas/]: Created: 512x256x0 minecraft:textures/atlas/particles.png-atlas
[10Apr2025 22:29:31.369] [Render thread/INFO] [net.minecraft.client.renderer.texture.TextureAtlas/]: Created: 512x256x0 minecraft:textures/atlas/paintings.png-atlas
[10Apr2025 22:29:31.369] [Render thread/INFO] [net.minecraft.client.renderer.texture.TextureAtlas/]: Created: 256x128x0 minecraft:textures/atlas/mob_effects.png-atlas
[10Apr2025 22:29:31.369] [Render thread/INFO] [net.minecraft.client.renderer.texture.TextureAtlas/]: Created: 64x64x0 minecraft:textures/atlas/map_decorations.png-atlas
[10Apr2025 22:29:31.370] [Render thread/INFO] [net.minecraft.client.renderer.texture.TextureAtlas/]: Created: 1024x512x0 minecraft:textures/atlas/gui.png-atlas
[10Apr2025 22:29:31.384] [Render thread/WARN] [net.minecraft.client.renderer.ShaderInstance/]: Shader rendertype_entity_translucent_emissive could not find sampler named Sampler2 in the specified shader program.
[10Apr2025 22:29:31.421] [Render thread/INFO] [net.neoforged.neoforge.client.entity.animation.json.AnimationLoader/]: Loaded 0 entity animations
[10Apr2025 22:29:35.115] [Render thread/INFO] [net.minecraft.world.item.crafting.RecipeManager/]: Loaded 1290 recipes
[10Apr2025 22:29:35.242] [Render thread/INFO] [net.minecraft.advancements.AdvancementTree/]: Loaded 1399 advancements
[10Apr2025 22:29:35.558] [Server thread/INFO] [net.minecraft.client.server.IntegratedServer/]: Starting integrated minecraft server version 1.21.1
[10Apr2025 22:29:35.559] [Server thread/INFO] [net.minecraft.server.MinecraftServer/]: Generating keypair
[10Apr2025 22:29:36.085] [Server thread/INFO] [net.minecraft.server.MinecraftServer/]: Preparing start region for dimension minecraft:overworld
[10Apr2025 22:29:36.290] [progressListener/INFO] [net.minecraft.server.level.progress.LoggerChunkProgressListener/]: Preparing spawn area: 0%
[10Apr2025 22:29:36.356] [Server thread/INFO] [net.neoforged.neoforge.server.permission.PermissionAPI/]: Successfully initialized permission handler neoforge:default_handler
[10Apr2025 22:29:36.365] [progressListener/INFO] [net.minecraft.server.level.progress.LoggerChunkProgressListener/]: Time elapsed: 277 ms
[10Apr2025 22:29:36.419] [Server thread/INFO] [net.minecraft.client.server.IntegratedServer/]: Changing view distance to 12, from 10
[10Apr2025 22:29:36.420] [Server thread/INFO] [net.minecraft.client.server.IntegratedServer/]: Changing simulation distance to 12, from 0
[10Apr2025 22:29:37.017] [Server thread/INFO] [net.minecraft.server.players.PlayerList/]: Dev[local:E:32083d09] logged in with entity id 90 at (-0.3600279383386238, 64.0, 18.006273457320518)
[10Apr2025 22:29:37.061] [Server thread/INFO] [net.minecraft.server.MinecraftServer/]: Dev joined the game
[10Apr2025 22:29:37.377] [Render thread/INFO] [net.minecraft.advancements.AdvancementTree/]: Loaded 3 advancements
[10Apr2025 22:29:54.577] [Render thread/INFO] [net.minecraft.client.Minecraft/]: Stopping!
[10Apr2025 22:29:54.614] [Server thread/INFO] [net.minecraft.server.network.ServerGamePacketListenerImpl/]: Dev lost connection: Disconnected
[10Apr2025 22:29:54.615] [Server thread/INFO] [net.minecraft.server.MinecraftServer/]: Dev left the game
[10Apr2025 22:29:54.630] [Server thread/INFO] [net.minecraft.server.network.ServerCommonPacketListenerImpl/]: Stopping singleplayer server as player logged out
[10Apr2025 22:29:54.666] [Server thread/INFO] [net.minecraft.server.MinecraftServer/]: Stopping server
[10Apr2025 22:29:54.666] [Server thread/INFO] [net.minecraft.server.MinecraftServer/]: Saving players
[10Apr2025 22:29:54.666] [Server thread/INFO] [net.minecraft.server.MinecraftServer/]: Saving worlds
[10Apr2025 22:29:54.707] [Server thread/INFO] [net.minecraft.server.MinecraftServer/]: Saving chunks for level 'ServerLevel[New World]'/minecraft:overworld
[10Apr2025 22:29:54.783] [Server thread/INFO] [net.minecraft.server.MinecraftServer/]: Saving chunks for level 'ServerLevel[New World]'/minecraft:the_end
[10Apr2025 22:29:54.787] [Server thread/INFO] [net.minecraft.server.MinecraftServer/]: Saving chunks for level 'ServerLevel[New World]'/minecraft:the_nether
[10Apr2025 22:29:54.795] [Server thread/INFO] [net.minecraft.server.MinecraftServer/]: ThreadedAnvilChunkStorage (New World): All chunks are saved
[10Apr2025 22:29:54.795] [Server thread/INFO] [net.minecraft.server.MinecraftServer/]: ThreadedAnvilChunkStorage (DIM1): All chunks are saved
[10Apr2025 22:29:54.795] [Server thread/INFO] [net.minecraft.server.MinecraftServer/]: ThreadedAnvilChunkStorage (DIM-1): All chunks are saved
[10Apr2025 22:29:54.795] [Server thread/INFO] [net.minecraft.server.MinecraftServer/]: ThreadedAnvilChunkStorage: All dimensions are saved
